nohup: ignoring input
/home/sbrisson/miniconda3/envs/pyfracx/lib/python3.12/site-packages/numpy/core/numeric.py:330: RuntimeWarning: invalid value encountered in cast
  multiarray.copyto(a, fill_value, casting='unsafe')
05-26-25 19:02  PyFrac.general                           INFO      Log file set up
05-26-25 19:02  PyFrac.controller.run                    INFO      Making elasticity using load_isotropic_elasticity_matrix_toepliz
05-26-25 19:02  PyFrac.controller.run                    INFO      Done!
05-26-25 19:02  PyFrac.controller.run                    INFO      Starting time = 0.008834296580747731
05-26-25 19:02  PyFrac.controller.run                    INFO      TIMESTEP 0


05-26-25 19:02  PyFrac.controller.advance_time_step      INFO      Evaluating solution at time = 0.009541 s ...
05-26-25 19:02  PyFrac.controller.run                    INFO      Time step successful!
05-26-25 19:02  PyFrac.controller.run                    INFO      Element in the crack: 609
05-26-25 19:02  PyFrac.controller.run                    INFO      TIMESTEP 1


05-26-25 19:02  PyFrac.controller.advance_time_step      INFO      Evaluating solution at time = 0.0103 s ...
05-26-25 19:02  PyFrac.attempt_time_step                 CRITICAL  The time step is too small to induce a significant change in opening (max dw = 1.3546849372676477e-05)
05-26-25 19:02  PyFrac.attempt_time_step                 CRITICAL     nevertheless the time step will be accepted...continuing
05-26-25 19:02  PyFrac.controller.run                    INFO      Time step successful!
05-26-25 19:02  PyFrac.controller.run                    INFO      Element in the crack: 609
05-26-25 19:02  PyFrac.controller.run                    INFO      TIMESTEP 2


05-26-25 19:02  PyFrac.controller.advance_time_step      INFO      Evaluating solution at time = 0.01113 s ...
05-26-25 19:02  PyFrac.attempt_time_step                 CRITICAL  The time step is too small to induce a significant change in opening (max dw = 1.2290764919951672e-05)
05-26-25 19:02  PyFrac.attempt_time_step                 CRITICAL     nevertheless the time step will be accepted...continuing
05-26-25 19:02  PyFrac.controller.run                    INFO      Time step successful!
05-26-25 19:02  PyFrac.controller.run                    INFO      Element in the crack: 609
05-26-25 19:02  PyFrac.controller.run                    INFO      TIMESTEP 3


05-26-25 19:02  PyFrac.controller.advance_time_step      INFO      Evaluating solution at time = 0.01202 s ...
05-26-25 19:02  PyFrac.attempt_time_step                 CRITICAL  The time step is too small to induce a significant change in opening (max dw = 1.239021971171953e-05)
05-26-25 19:02  PyFrac.attempt_time_step                 CRITICAL     nevertheless the time step will be accepted...continuing
05-26-25 19:02  PyFrac.controller.run                    INFO      Time step successful!
05-26-25 19:02  PyFrac.controller.run                    INFO      Element in the crack: 609
05-26-25 19:02  PyFrac.controller.run                    INFO      TIMESTEP 4


05-26-25 19:02  PyFrac.controller.advance_time_step      INFO      Evaluating solution at time = 0.01298 s ...
05-26-25 19:02  PyFrac.attempt_time_step                 CRITICAL  The time step is too small to induce a significant change in opening (max dw = 1.2969648309603312e-05)
05-26-25 19:02  PyFrac.attempt_time_step                 CRITICAL     nevertheless the time step will be accepted...continuing
05-26-25 19:02  PyFrac.controller.run                    INFO      Time step successful!
05-26-25 19:02  PyFrac.controller.run                    INFO      Element in the crack: 609
05-26-25 19:02  PyFrac.controller.run                    INFO      TIMESTEP 5


05-26-25 19:02  PyFrac.controller.advance_time_step      INFO      Evaluating solution at time = 0.01402 s ...
05-26-25 19:02  PyFrac.attempt_time_step                 CRITICAL  The time step is too small to induce a significant change in opening (max dw = 1.3748262679239665e-05)
05-26-25 19:02  PyFrac.attempt_time_step                 CRITICAL     nevertheless the time step will be accepted...continuing
05-26-25 19:02  PyFrac.controller.run                    INFO      Time step successful!
05-26-25 19:02  PyFrac.controller.run                    INFO      Element in the crack: 609
05-26-25 19:02  PyFrac.controller.run                    INFO      TIMESTEP 6


05-26-25 19:02  PyFrac.controller.advance_time_step      INFO      Evaluating solution at time = 0.01514 s ...
05-26-25 19:02  PyFrac.attempt_time_step                 CRITICAL  The time step is too small to induce a significant change in opening (max dw = 1.4660883510436522e-05)
05-26-25 19:02  PyFrac.attempt_time_step                 CRITICAL     nevertheless the time step will be accepted...continuing
05-26-25 19:02  PyFrac.controller.run                    INFO      Time step successful!
05-26-25 19:02  PyFrac.controller.run                    INFO      Element in the crack: 609
05-26-25 19:02  PyFrac.controller.run                    INFO      TIMESTEP 7


05-26-25 19:02  PyFrac.controller.advance_time_step      INFO      Evaluating solution at time = 0.01635 s ...
05-26-25 19:02  PyFrac.attempt_time_step                 CRITICAL  The time step is too small to induce a significant change in opening (max dw = 1.5691266816121873e-05)
05-26-25 19:02  PyFrac.attempt_time_step                 CRITICAL     nevertheless the time step will be accepted...continuing
05-26-25 19:02  PyFrac.controller.run                    INFO      Time step successful!
05-26-25 19:02  PyFrac.controller.run                    INFO      Element in the crack: 609
05-26-25 19:02  PyFrac.controller.run                    INFO      TIMESTEP 8


05-26-25 19:02  PyFrac.controller.advance_time_step      INFO      Evaluating solution at time = 0.01766 s ...
05-26-25 19:02  PyFrac.attempt_time_step                 CRITICAL  The time step is too small to induce a significant change in opening (max dw = 1.68362254935726e-05)
05-26-25 19:02  PyFrac.attempt_time_step                 CRITICAL     nevertheless the time step will be accepted...continuing
05-26-25 19:02  PyFrac.controller.run                    INFO      Time step successful!
05-26-25 19:02  PyFrac.controller.run                    INFO      Element in the crack: 609
05-26-25 19:02  PyFrac.controller.run                    INFO      TIMESTEP 9


05-26-25 19:02  PyFrac.controller.advance_time_step      INFO      Evaluating solution at time = 0.01907 s ...
05-26-25 19:02  PyFrac.attempt_time_step                 CRITICAL  The time step is too small to induce a significant change in opening (max dw = 1.8096977213442623e-05)
05-26-25 19:02  PyFrac.attempt_time_step                 CRITICAL     nevertheless the time step will be accepted...continuing
05-26-25 19:02  PyFrac.controller.run                    INFO      Time step successful!
05-26-25 19:02  PyFrac.controller.run                    INFO      Element in the crack: 609
05-26-25 19:02  PyFrac.controller.run                    INFO      TIMESTEP 10


05-26-25 19:02  PyFrac.controller.advance_time_step      INFO      Evaluating solution at time = 0.0206 s ...
05-26-25 19:02  PyFrac.attempt_time_step                 CRITICAL  The time step is too small to induce a significant change in opening (max dw = 1.947714286026583e-05)
05-26-25 19:02  PyFrac.attempt_time_step                 CRITICAL     nevertheless the time step will be accepted...continuing
05-26-25 19:02  PyFrac.controller.run                    INFO      Time step successful!
05-26-25 19:02  PyFrac.controller.run                    INFO      Element in the crack: 609
05-26-25 19:02  PyFrac.controller.run                    INFO      TIMESTEP 11


05-26-25 19:02  PyFrac.controller.advance_time_step      INFO      Evaluating solution at time = 0.02225 s ...
05-26-25 19:02  PyFrac.attempt_time_step                 CRITICAL  The time step is too small to induce a significant change in opening (max dw = 2.098210249650744e-05)
05-26-25 19:02  PyFrac.attempt_time_step                 CRITICAL     nevertheless the time step will be accepted...continuing
05-26-25 19:02  PyFrac.controller.run                    INFO      Time step successful!
05-26-25 19:02  PyFrac.controller.run                    INFO      Element in the crack: 609
05-26-25 19:02  PyFrac.controller.run                    INFO      TIMESTEP 12


05-26-25 19:02  PyFrac.controller.advance_time_step      INFO      Evaluating solution at time = 0.02403 s ...
05-26-25 19:02  PyFrac.attempt_time_step                 CRITICAL  The time step is too small to induce a significant change in opening (max dw = 2.2618682100782072e-05)
05-26-25 19:02  PyFrac.attempt_time_step                 CRITICAL     nevertheless the time step will be accepted...continuing
05-26-25 19:02  PyFrac.controller.run                    INFO      Time step successful!
05-26-25 19:02  PyFrac.controller.run                    INFO      Element in the crack: 609
05-26-25 19:02  PyFrac.controller.run                    INFO      TIMESTEP 13


05-26-25 19:02  PyFrac.controller.advance_time_step      INFO      Evaluating solution at time = 0.02595 s ...
05-26-25 19:02  PyFrac.controller.run                    INFO      Time step successful!
05-26-25 19:02  PyFrac.controller.run                    INFO      Element in the crack: 609
05-26-25 19:02  PyFrac.controller.run                    INFO      TIMESTEP 14


05-26-25 19:02  PyFrac.controller.advance_time_step      INFO      Evaluating solution at time = 0.02803 s ...
05-26-25 19:02  PyFrac.controller.run                    INFO      Time step successful!
05-26-25 19:02  PyFrac.controller.run                    INFO      Element in the crack: 657
05-26-25 19:02  PyFrac.controller.run                    INFO      TIMESTEP 15


05-26-25 19:02  PyFrac.controller.advance_time_step      INFO      Evaluating solution at time = 0.03027 s ...
05-26-25 19:02  PyFrac.controller.run                    INFO      Time step successful!
05-26-25 19:02  PyFrac.controller.run                    INFO      Element in the crack: 681
05-26-25 19:02  PyFrac.controller.run                    INFO      TIMESTEP 16


05-26-25 19:02  PyFrac.controller.advance_time_step      INFO      Evaluating solution at time = 0.03269 s ...
05-26-25 19:02  PyFrac.controller.run                    INFO      Time step successful!
05-26-25 19:02  PyFrac.controller.run                    INFO      Element in the crack: 733
05-26-25 19:02  PyFrac.controller.run                    INFO      TIMESTEP 17


05-26-25 19:02  PyFrac.controller.advance_time_step      INFO      Evaluating solution at time = 0.03531 s ...
05-26-25 19:02  PyFrac.controller.run                    INFO      Time step successful!
05-26-25 19:02  PyFrac.controller.run                    INFO      Element in the crack: 777
05-26-25 19:02  PyFrac.controller.run                    INFO      TIMESTEP 18


05-26-25 19:02  PyFrac.controller.advance_time_step      INFO      Evaluating solution at time = 0.03813 s ...
05-26-25 19:02  PyFrac.controller.run                    INFO      Time step successful!
05-26-25 19:02  PyFrac.controller.run                    INFO      Element in the crack: 829
05-26-25 19:02  PyFrac.controller.run                    INFO      TIMESTEP 19


05-26-25 19:02  PyFrac.controller.advance_time_step      INFO      Evaluating solution at time = 0.04118 s ...
05-26-25 19:02  PyFrac.controller.run                    INFO      Time step successful!
05-26-25 19:02  PyFrac.controller.run                    INFO      Element in the crack: 877
05-26-25 19:02  PyFrac.controller.run                    INFO      TIMESTEP 20


05-26-25 19:02  PyFrac.controller.advance_time_step      INFO      Evaluating solution at time = 0.04448 s ...
05-26-25 19:02  PyFrac.controller.run                    INFO      Time step successful!
05-26-25 19:02  PyFrac.controller.run                    INFO      Element in the crack: 897
05-26-25 19:02  PyFrac.controller.run                    INFO      TIMESTEP 21


05-26-25 19:02  PyFrac.controller.advance_time_step      INFO      Evaluating solution at time = 0.04803 s ...
05-26-25 19:02  PyFrac.controller.run                    INFO      Time step successful!
05-26-25 19:02  PyFrac.controller.run                    INFO      Element in the crack: 973
05-26-25 19:02  PyFrac.controller.run                    INFO      TIMESTEP 22


05-26-25 19:02  PyFrac.controller.advance_time_step      INFO      Evaluating solution at time = 0.05188 s ...
05-26-25 19:02  PyFrac.controller.run                    INFO      Time step successful!
05-26-25 19:02  PyFrac.controller.run                    INFO      Element in the crack: 1041
05-26-25 19:02  PyFrac.controller.run                    INFO      TIMESTEP 23


05-26-25 19:02  PyFrac.controller.advance_time_step      INFO      Evaluating solution at time = 0.05603 s ...
05-26-25 19:03  PyFrac.controller.run                    INFO      Time step successful!
05-26-25 19:03  PyFrac.controller.run                    INFO      Element in the crack: 1109
05-26-25 19:03  PyFrac.controller.run                    INFO      TIMESTEP 24


05-26-25 19:03  PyFrac.controller.advance_time_step      INFO      Evaluating solution at time = 0.06051 s ...
05-26-25 19:03  PyFrac.controller.run                    INFO      Time step successful!
05-26-25 19:03  PyFrac.controller.run                    INFO      Element in the crack: 1185
05-26-25 19:03  PyFrac.controller.run                    INFO      TIMESTEP 25


05-26-25 19:03  PyFrac.controller.advance_time_step      INFO      Evaluating solution at time = 0.06535 s ...
05-26-25 19:03  PyFrac.controller.run                    INFO      Time step successful!
05-26-25 19:03  PyFrac.controller.run                    INFO      Element in the crack: 1245
05-26-25 19:03  PyFrac.controller.run                    INFO      TIMESTEP 26


05-26-25 19:03  PyFrac.controller.advance_time_step      INFO      Evaluating solution at time = 0.07058 s ...
05-26-25 19:03  PyFrac.controller.run                    INFO      Time step successful!
05-26-25 19:03  PyFrac.controller.run                    INFO      Element in the crack: 1321
05-26-25 19:03  PyFrac.controller.run                    INFO      TIMESTEP 27


05-26-25 19:03  PyFrac.controller.advance_time_step      INFO      Evaluating solution at time = 0.07622 s ...
05-26-25 19:03  PyFrac.controller.run                    INFO      Time step successful!
05-26-25 19:03  PyFrac.controller.run                    INFO      Element in the crack: 1413
05-26-25 19:03  PyFrac.controller.run                    INFO      TIMESTEP 28


05-26-25 19:03  PyFrac.controller.advance_time_step      INFO      Evaluating solution at time = 0.08232 s ...
05-26-25 19:03  PyFrac.controller.run                    INFO      Time step successful!
05-26-25 19:03  PyFrac.controller.run                    INFO      Element in the crack: 1489
05-26-25 19:03  PyFrac.controller.run                    INFO      TIMESTEP 29


05-26-25 19:03  PyFrac.controller.advance_time_step      INFO      Evaluating solution at time = 0.08891 s ...
05-26-25 19:03  PyFrac.controller.run                    INFO      Time step successful!
05-26-25 19:03  PyFrac.controller.run                    INFO      Element in the crack: 1597
05-26-25 19:03  PyFrac.controller.run                    INFO      TIMESTEP 30


05-26-25 19:03  PyFrac.controller.advance_time_step      INFO      Evaluating solution at time = 0.09602 s ...
05-26-25 19:03  PyFrac.controller.run                    INFO      Time step successful!
05-26-25 19:03  PyFrac.controller.run                    INFO      Element in the crack: 1693
05-26-25 19:03  PyFrac.controller.run                    INFO      TIMESTEP 31


05-26-25 19:03  PyFrac.controller.advance_time_step      INFO      Evaluating solution at time = 0.1037 s ...
05-26-25 19:03  PyFrac.controller.run                    INFO      Time step successful!
05-26-25 19:03  PyFrac.controller.run                    INFO      Element in the crack: 1781
05-26-25 19:03  PyFrac.controller.run                    INFO      TIMESTEP 32


05-26-25 19:03  PyFrac.controller.advance_time_step      INFO      Evaluating solution at time = 0.112 s ...
05-26-25 19:03  PyFrac.controller.run                    INFO      Time step successful!
05-26-25 19:03  PyFrac.controller.run                    INFO      Element in the crack: 1893
05-26-25 19:03  PyFrac.controller.run                    INFO      TIMESTEP 33


05-26-25 19:03  PyFrac.controller.advance_time_step      INFO      Evaluating solution at time = 0.1206 s ...
05-26-25 19:03  PyFrac.controller.run                    INFO      Time step successful!
05-26-25 19:03  PyFrac.controller.run                    INFO      Element in the crack: 2025
05-26-25 19:03  PyFrac.controller.run                    INFO      TIMESTEP 34


05-26-25 19:03  PyFrac.controller.advance_time_step      INFO      Evaluating solution at time = 0.1283 s ...
05-26-25 19:03  PyFrac.controller.run                    INFO      Time step successful!
05-26-25 19:03  PyFrac.controller.run                    INFO      Element in the crack: 2117
05-26-25 19:03  PyFrac.controller.run                    INFO      TIMESTEP 35


05-26-25 19:03  PyFrac.controller.advance_time_step      INFO      Evaluating solution at time = 0.1376 s ...
05-26-25 19:04  PyFrac.controller.run                    INFO      Time step successful!
05-26-25 19:04  PyFrac.controller.run                    INFO      Element in the crack: 2241
05-26-25 19:04  PyFrac.controller.run                    INFO      TIMESTEP 36


05-26-25 19:04  PyFrac.controller.advance_time_step      INFO      Evaluating solution at time = 0.1475 s ...
05-26-25 19:04  PyFrac.controller.run                    INFO      Time step successful!
05-26-25 19:04  PyFrac.controller.run                    INFO      Element in the crack: 2385
05-26-25 19:04  PyFrac.controller.run                    INFO      TIMESTEP 37


05-26-25 19:04  PyFrac.controller.advance_time_step      INFO      Evaluating solution at time = 0.1576 s ...
05-26-25 19:04  PyFrac.controller.run                    INFO      Time step successful!
05-26-25 19:04  PyFrac.controller.run                    INFO      Element in the crack: 2509
05-26-25 19:04  PyFrac.controller.run                    INFO      TIMESTEP 38


05-26-25 19:04  PyFrac.controller.advance_time_step      INFO      Evaluating solution at time = 0.1683 s ...
05-26-25 19:04  PyFrac.controller.run                    INFO      Time step successful!
05-26-25 19:04  PyFrac.controller.run                    INFO      Element in the crack: 2617
05-26-25 19:04  PyFrac.controller.run                    INFO      TIMESTEP 39


05-26-25 19:04  PyFrac.controller.advance_time_step      INFO      Evaluating solution at time = 0.1796 s ...
05-26-25 19:04  PyFrac.controller.run                    INFO      Time step successful!
05-26-25 19:04  PyFrac.controller.run                    INFO      Element in the crack: 2725
05-26-25 19:04  PyFrac.controller.run                    INFO      TIMESTEP 40


05-26-25 19:04  PyFrac.controller.advance_time_step      INFO      Evaluating solution at time = 0.194 s ...
05-26-25 19:04  PyFrac.controller.run                    INFO      Time step successful!
05-26-25 19:04  PyFrac.controller.run                    INFO      Element in the crack: 2793
05-26-25 19:04  PyFrac.controller.run                    INFO      TIMESTEP 41


05-26-25 19:04  PyFrac.controller.advance_time_step      INFO      Evaluating solution at time = 0.2095 s ...
05-26-25 19:05  PyFrac.controller.run                    INFO      Time step successful!
05-26-25 19:05  PyFrac.controller.run                    INFO      Element in the crack: 3125
05-26-25 19:05  PyFrac.controller.run                    INFO      TIMESTEP 42


05-26-25 19:05  PyFrac.controller.advance_time_step      INFO      Evaluating solution at time = 0.2168 s ...
05-26-25 19:05  PyFrac.controller.run                    INFO      Time step successful!
05-26-25 19:05  PyFrac.controller.run                    INFO      Element in the crack: 3221
05-26-25 19:05  PyFrac.controller.run                    INFO      TIMESTEP 43


05-26-25 19:05  PyFrac.controller.advance_time_step      INFO      Evaluating solution at time = 0.2268 s ...
05-26-25 19:05  PyFrac.controller.run                    INFO      Time step successful!
05-26-25 19:05  PyFrac.controller.run                    INFO      Element in the crack: 3317
05-26-25 19:05  PyFrac.controller.run                    INFO      TIMESTEP 44


05-26-25 19:05  PyFrac.controller.advance_time_step      INFO      Evaluating solution at time = 0.2407 s ...
05-26-25 19:06  PyFrac.controller.run                    INFO      Time step successful!
05-26-25 19:06  PyFrac.controller.run                    INFO      Element in the crack: 3513
05-26-25 19:06  PyFrac.controller.run                    INFO      TIMESTEP 45


05-26-25 19:06  PyFrac.controller.advance_time_step      INFO      Evaluating solution at time = 0.2534 s ...
05-26-25 19:06  PyFrac.controller.run                    INFO      Time step successful!
05-26-25 19:06  PyFrac.controller.run                    INFO      Element in the crack: 3637
05-26-25 19:06  PyFrac.controller.run                    INFO      TIMESTEP 46


05-26-25 19:06  PyFrac.controller.advance_time_step      INFO      Evaluating solution at time = 0.2672 s ...
05-26-25 19:07  PyFrac.controller.run                    INFO      Time step successful!
05-26-25 19:07  PyFrac.controller.run                    INFO      Element in the crack: 3801
05-26-25 19:07  PyFrac.controller.run                    INFO      TIMESTEP 47


05-26-25 19:07  PyFrac.controller.advance_time_step      INFO      Evaluating solution at time = 0.2817 s ...
05-26-25 19:08  PyFrac.controller.advance_time_step      WARNING   Did not converge after max iterations!
05-26-25 19:08  PyFrac.controller.advance_time_step      WARNING   Time step failed...


05-26-25 19:08  PyFrac.controller.advance_time_step      INFO      Evaluating solution at time = 0.2788 s ...
05-26-25 19:08  PyFrac.controller.run                    INFO      Time step successful!
05-26-25 19:08  PyFrac.controller.run                    INFO      Element in the crack: 3849
05-26-25 19:08  PyFrac.controller.run                    INFO      TIMESTEP 48


05-26-25 19:08  PyFrac.controller.advance_time_step      INFO      Evaluating solution at time = 0.3011 s ...
05-26-25 19:08  PyFrac.controller.run                    INFO      Time step successful!
05-26-25 19:08  PyFrac.controller.run                    INFO      Element in the crack: 4189
05-26-25 19:08  PyFrac.controller.run                    INFO      TIMESTEP 49


05-26-25 19:08  PyFrac.controller.advance_time_step      INFO      Evaluating solution at time = 0.3137 s ...
05-26-25 19:09  PyFrac.controller.advance_time_step      WARNING   Did not converge after max iterations!
05-26-25 19:09  PyFrac.controller.advance_time_step      WARNING   Time step failed...


05-26-25 19:09  PyFrac.controller.advance_time_step      INFO      Evaluating solution at time = 0.3111 s ...
05-26-25 19:10  PyFrac.controller.run                    INFO      Time step successful!
05-26-25 19:10  PyFrac.controller.run                    INFO      Element in the crack: 4281
05-26-25 19:10  PyFrac.controller.run                    INFO      TIMESTEP 50


05-26-25 19:10  PyFrac.controller.advance_time_step      INFO      Evaluating solution at time = 0.3255 s ...
05-26-25 19:10  PyFrac.controller.advance_time_step      WARNING   Did not converge after max iterations!
05-26-25 19:10  PyFrac.controller.advance_time_step      WARNING   Time step failed...


05-26-25 19:10  PyFrac.controller.advance_time_step      INFO      Evaluating solution at time = 0.3227 s ...
05-26-25 19:11  PyFrac.controller.run                    INFO      Time step successful!
05-26-25 19:11  PyFrac.controller.run                    INFO      Element in the crack: 4389
05-26-25 19:11  PyFrac.controller.run                    INFO      TIMESTEP 51


05-26-25 19:11  PyFrac.controller.advance_time_step      INFO      Evaluating solution at time = 0.3432 s ...
05-26-25 19:11  PyFrac.controller.advance_time_step      WARNING   Did not converge after max iterations!
05-26-25 19:11  PyFrac.controller.advance_time_step      WARNING   Time step failed...


05-26-25 19:11  PyFrac.controller.advance_time_step      INFO      Evaluating solution at time = 0.3391 s ...
05-26-25 19:12  PyFrac.controller.run                    INFO      Time step successful!
05-26-25 19:12  PyFrac.controller.run                    INFO      Element in the crack: 4477
05-26-25 19:12  PyFrac.controller.run                    INFO      TIMESTEP 52


05-26-25 19:12  PyFrac.controller.advance_time_step      INFO      Evaluating solution at time = 0.3661 s ...
05-26-25 19:12  PyFrac.controller.advance_time_step      WARNING   Did not converge after max iterations!
05-26-25 19:12  PyFrac.controller.advance_time_step      WARNING   Time step failed...


05-26-25 19:12  PyFrac.controller.advance_time_step      INFO      Evaluating solution at time = 0.3607 s ...
